// Jest Snapshot v1, https://goo.gl/fbAQLP

exports[`Test default state of Expenses Component 1`] = `
<div
  data-testid="expenses-component"
>
  <h3>
    Household Monthly Expenses
  </h3>
  <form
    class=""
  >
    <div
      class="form-row"
    >
      <input
        aria-label="title"
        autocomplete="off"
        class="form-control"
        name="title"
        placeholder="Expense Title"
        type="text"
        value=""
      />
      <input
        aria-label="amount"
        autocomplete="off"
        class="form-control"
        name="expense"
        placeholder="0.00"
        step="0.01"
        type="number"
        value=""
      />
      <button
        aria-label="button"
        class="add-expenses btn btn-primary"
        type="submit"
      >
        Add
      </button>
    </div>
  </form>
  <div
    class="expense-outer hide-scroll"
  />
</div>
`;
